E:\Universidad\Ciencias de la Computacion\4to Año\Semestre B\Ingenieria de Software II\Practica06\SimpleBlogDemo-master\src\main\java\com\barry\home\SimpleBlogDemo\repo\PostRepo.java
E:\Universidad\Ciencias de la Computacion\4to Año\Semestre B\Ingenieria de Software II\Practica06\SimpleBlogDemo-master\src\main\java\com\barry\home\SimpleBlogDemo\controller\BlogErrorController.java
E:\Universidad\Ciencias de la Computacion\4to Año\Semestre B\Ingenieria de Software II\Practica06\SimpleBlogDemo-master\src\main\java\com\barry\home\SimpleBlogDemo\SimpleBlogDemoApplication.java
E:\Universidad\Ciencias de la Computacion\4to Año\Semestre B\Ingenieria de Software II\Practica06\SimpleBlogDemo-master\src\main\java\com\barry\home\SimpleBlogDemo\model\Post.java
E:\Universidad\Ciencias de la Computacion\4to Año\Semestre B\Ingenieria de Software II\Practica06\SimpleBlogDemo-master\src\main\java\com\barry\home\SimpleBlogDemo\repo\CommentRepo.java
E:\Universidad\Ciencias de la Computacion\4to Año\Semestre B\Ingenieria de Software II\Practica06\SimpleBlogDemo-master\src\main\java\com\barry\home\SimpleBlogDemo\controller\BlogPostCommentsController.java
E:\Universidad\Ciencias de la Computacion\4to Año\Semestre B\Ingenieria de Software II\Practica06\SimpleBlogDemo-master\src\main\java\com\barry\home\SimpleBlogDemo\controller\HomeController.java
E:\Universidad\Ciencias de la Computacion\4to Año\Semestre B\Ingenieria de Software II\Practica06\SimpleBlogDemo-master\src\main\java\com\barry\home\SimpleBlogDemo\service\CommentService.java
E:\Universidad\Ciencias de la Computacion\4to Año\Semestre B\Ingenieria de Software II\Practica06\SimpleBlogDemo-master\src\main\java\com\barry\home\SimpleBlogDemo\controller\BlogPostController.java
E:\Universidad\Ciencias de la Computacion\4to Año\Semestre B\Ingenieria de Software II\Practica06\SimpleBlogDemo-master\src\main\java\com\barry\home\SimpleBlogDemo\model\Comment.java
E:\Universidad\Ciencias de la Computacion\4to Año\Semestre B\Ingenieria de Software II\Practica06\SimpleBlogDemo-master\src\main\java\com\barry\home\SimpleBlogDemo\service\implementation\CommentServImpl.java
E:\Universidad\Ciencias de la Computacion\4to Año\Semestre B\Ingenieria de Software II\Practica06\SimpleBlogDemo-master\src\main\java\com\barry\home\SimpleBlogDemo\service\implementation\PostServImpl.java
E:\Universidad\Ciencias de la Computacion\4to Año\Semestre B\Ingenieria de Software II\Practica06\SimpleBlogDemo-master\src\main\java\com\barry\home\SimpleBlogDemo\service\PostService.java
E:\Universidad\Ciencias de la Computacion\4to Año\Semestre B\Ingenieria de Software II\Practica06\SimpleBlogDemo-master\src\main\java\com\barry\home\SimpleBlogDemo\config\SpringFoxConfig.java
